// Jest Snapshot v1, https://goo.gl/fbAQLP

exports[`<Masonry /> renders properly 1`] = `
.emotion-0 {
  font-family: Motiva Sans;
  box-sizing: border-box;
  -webkit-column-count: 3;
  column-count: 3;
  -webkit-column-gap: 1rem;
  column-gap: 1rem;
  -webkit-column-rule-color: #000000;
  column-rule-color: #000000;
  -webkit-column-rule-style: solid;
  column-rule-style: solid;
  -webkit-column-rule-width: 1px;
  column-rule-width: 1px;
  -webkit-column-width: 300px;
  column-width: 300px;
}

.emotion-2 {
  font-family: Motiva Sans;
  margin-bottom: 1rem;
  box-sizing: border-box;
  display: block;
  width: 100%;
  break-inside: avoid;
  display: block;
  width: 100%;
}

<div
  className="emotion-0 emotion-1"
>
  <div
    className="emotion-2 emotion-3"
    display="block"
    width="100%"
  >
    <div>
      Masonry Item 1
    </div>
  </div>
  <div
    className="emotion-2 emotion-3"
    display="block"
    width="100%"
  >
    <div>
      Masonry Item 2
    </div>
  </div>
  <div
    className="emotion-2 emotion-3"
    display="block"
    width="100%"
  >
    <div>
      Masonry Item 3
    </div>
  </div>
  <div
    className="emotion-2 emotion-3"
    display="block"
    width="100%"
  >
    <div>
      Masonry Item 4
    </div>
  </div>
  <div
    className="emotion-2 emotion-3"
    display="block"
    width="100%"
  >
    <div>
      Masonry Item 5
    </div>
  </div>
  <div
    className="emotion-2 emotion-3"
    display="block"
    width="100%"
  >
    <div>
      Masonry Item 6
    </div>
  </div>
  <div
    className="emotion-2 emotion-3"
    display="block"
    width="100%"
  >
    <div>
      Masonry Item 7
    </div>
  </div>
  <div
    className="emotion-2 emotion-3"
    display="block"
    width="100%"
  >
    <div>
      Masonry Item 8
    </div>
  </div>
  <div
    className="emotion-2 emotion-3"
    display="block"
    width="100%"
  >
    <div>
      Masonry Item 9
    </div>
  </div>
</div>
`;
