// Jest Snapshot v1, https://goo.gl/fbAQLP

exports[`<CardRow /> renders a CardRow properly 1`] = `
.emotion-0 {
  box-sizing: border-box;
  padding-left: 1rem;
  padding-right: 1rem;
  padding-top: 0.25rem;
  padding-bottom: 0.25rem;
  margin-top: 0.5rem;
  margin-bottom: 0.5rem;
  display: -webkit-box;
  display: -webkit-flex;
  display: -ms-flexbox;
  display: flex;
  -webkit-align-items: center;
  -webkit-box-align: center;
  -ms-flex-align: center;
  align-items: center;
  -webkit-box-pack: justify;
  -webkit-justify-content: space-between;
  -ms-flex-pack: justify;
  justify-content: space-between;
}

<div
  className="emotion-0 emotion-1"
/>
`;
