// Jest Snapshot v1, https://goo.gl/fbAQLP

exports[`<Text /> properly renders a Text component 1`] = `
.emotion-0 {
  font-family: Motiva Sans;
  color: #25272D;
}

<p
  className="emotion-0 emotion-1"
  color="text.default"
>
  The quick brown fox jumps over the lazy dog
</p>
`;
