// Jest Snapshot v1, https://goo.gl/fbAQLP

exports[`<Avatar /> renders properly 1`] = `
.emotion-2 {
  box-sizing: border-box;
  border-color: #29863A;
  border-radius: 50%;
  border: 1px solid;
  background-color: #29863A;
  height: 24px;
  width: 24px;
  display: -webkit-box;
  display: -webkit-flex;
  display: -ms-flexbox;
  display: flex;
  -webkit-align-items: center;
  -webkit-box-align: center;
  -ms-flex-align: center;
  align-items: center;
  -webkit-box-pack: center;
  -webkit-justify-content: center;
  -ms-flex-pack: center;
  justify-content: center;
}

.emotion-0 {
  font-family: Motiva Sans;
  color: #FFFFFF;
  font-size: 0.75rem;
}

<div
  className="emotion-2 emotion-3"
  height="24px"
  width="24px"
>
  <p
    className="emotion-0 emotion-1"
    color="monochrome.white"
    fontSize="0.75rem"
  >
    BW
  </p>
</div>
`;
